// Jest Snapshot v1, https://goo.gl/fbAQLP

exports[`should render the Not Found Page 1`] = `
<div>
  Rut Ro Woof 404 Woof - 
  <Link
    to="/"
  >
    Go Home
  </Link>
</div>
`;
